Unknown argument: -c; use -h for help
Applications Memory Usage (kB):
Uptime: 180685 Realtime: 180685

Total PSS by process:
    39942 kB: system (pid 498)
    28798 kB: com.google.android.gms (pid 909)
    26278 kB: com.teslacoilsw.launcher (pid 799)
    23426 kB: com.google.android.gms.persistent (pid 848)
    22481 kB: com.mobisystems.editor.office_registered (pid 2549)
    21962 kB: com.microsoft.skydrive (pid 1103)
    20884 kB: com.android.systemui (pid 696)
    19178 kB: com.notabasement.mangarock.android.titan (pid 2411)
    17444 kB: com.sec.android.app.camera (pid 1965)
    16091 kB: com.google.process.gapps (pid 874)
    15031 kB: com.android.vending (pid 2260)
    14621 kB: com.google.android.inputmethod.latin (pid 1161)
    12904 kB: com.sec.android.gallery3d (pid 2807)
     9063 kB: android.process.media (pid 767)
     8540 kB: com.android.bluetooth (pid 1176)
     8539 kB: com.google.android.gms.ui (pid 2456)
     8539 kB: com.android.email (pid 1994)
     8530 kB: com.android.phone (pid 785)
     8467 kB: com.apusapps.browser:core (pid 1578)
     8116 kB: android.process.acore (pid 977)
     7311 kB: com.android.settings (pid 2064)
     6522 kB: com.android.contacts (pid 1611)
     6056 kB: com.bqreaders.reader.fnac (pid 2635)
     5912 kB: com.google.process.location (pid 823)
     5640 kB: com.sec.android.app.clockpackage (pid 2083)
     5619 kB: com.apusapps.browser:download (pid 1644)
     5437 kB: com.apusapps.browser (pid 2377)
     5406 kB: com.sec.factory (pid 1825)
     5404 kB: com.keramidas.TitaniumBackup (pid 2618)
     5398 kB: com.android.MtpApplication (pid 1905)
     5206 kB: com.wssyncmldm (pid 2135)
     5042 kB: com.sec.ims.android (pid 1224)
     5012 kB: com.sec.android.daemonapp (pid 2192)
     4710 kB: com.urbandroid.lux:background (pid 2357)
     4698 kB: com.sec.android.app.videoplayer (pid 3084)
     4674 kB: com.android.providers.calendar (pid 1977)
     4351 kB: com.urbandroid.lux (pid 2340)
     4218 kB: com.samsung.android.providers.context (pid 1208)
     4181 kB: com.google.android.apps.uploader (pid 3069)
     4054 kB: com.sec.android.app.music:service (pid 2886)
     3999 kB: com.wssnps (pid 2235)
     3975 kB: com.google.android.gsf.login (pid 2279)
     3820 kB: org.adaway (pid 2317)
     3751 kB: com.sec.esdk.elm (pid 1782)
     3684 kB: com.sec.android.app.samsungapps.una2 (pid 1951)
     3597 kB: com.sec.android.widgetapp.SPlannerAppWidget (pid 2850)
     3572 kB: com.sec.android.provider.logsprovider (pid 942)
     3426 kB: com.sec.android.app.keyguard (pid 2672)
     3393 kB: com.sec.android.cloudagent (pid 3049)
     3360 kB: com.sec.smartcard.pinservice (pid 2108)
     3336 kB: com.marvell.ppdgadget (pid 1183)
     3327 kB: com.sec.android.sCloudSync (pid 2217)
     3240 kB: com.rxnetworks.rxnservicesxybrid (pid 2205)
     3224 kB: com.sec.android.pagebuddynotisvc (pid 1197)
     3167 kB: com.sec.phone (pid 1634)
     3151 kB: com.android.location.fused (pid 834)
     3104 kB: com.samsung.shareshot (pid 2788)
     3100 kB: com.sec.android.SimpleWidget (pid 2830)
     2909 kB: org.simalliance.openmobileapi.service:remote (pid 2121)
     2752 kB: com.marvell.thermal (pid 2177)
     2700 kB: com.sec.android.Kies (pid 3144)

Total PSS by OOM adjustment:
    39942 kB: System
               39942 kB: system (pid 498)
    56922 kB: Persistent
               20884 kB: com.android.systemui (pid 696)
                8530 kB: com.android.phone (pid 785)
                8116 kB: android.process.acore (pid 977)
                5042 kB: com.sec.ims.android (pid 1224)
                4218 kB: com.samsung.android.providers.context (pid 1208)
                3572 kB: com.sec.android.provider.logsprovider (pid 942)
                3336 kB: com.marvell.ppdgadget (pid 1183)
                3224 kB: com.sec.android.pagebuddynotisvc (pid 1197)
    26278 kB: Foreground
               26278 kB: com.teslacoilsw.launcher (pid 799)
    76855 kB: Visible
               28798 kB: com.google.android.gms (pid 909)
               23426 kB: com.google.android.gms.persistent (pid 848)
               16091 kB: com.google.process.gapps (pid 874)
                8540 kB: com.android.bluetooth (pid 1176)
    45685 kB: Perceptible
               14621 kB: com.google.android.inputmethod.latin (pid 1161)
                8467 kB: com.apusapps.browser:core (pid 1578)
                5912 kB: com.google.process.location (pid 823)
                5398 kB: com.android.MtpApplication (pid 1905)
                4710 kB: com.urbandroid.lux:background (pid 2357)
                3426 kB: com.sec.android.app.keyguard (pid 2672)
                3151 kB: com.android.location.fused (pid 834)
    41637 kB: A Services
               21962 kB: com.microsoft.skydrive (pid 1103)
                9063 kB: android.process.media (pid 767)
                5406 kB: com.sec.factory (pid 1825)
                5206 kB: com.wssyncmldm (pid 2135)
    17444 kB: Previous
               17444 kB: com.sec.android.app.camera (pid 1965)
    24798 kB: B Services
                5619 kB: com.apusapps.browser:download (pid 1644)
                3751 kB: com.sec.esdk.elm (pid 1782)
                3360 kB: com.sec.smartcard.pinservice (pid 2108)
                3240 kB: com.rxnetworks.rxnservicesxybrid (pid 2205)
                3167 kB: com.sec.phone (pid 1634)
                2909 kB: org.simalliance.openmobileapi.service:remote (pid 2121)
                2752 kB: com.marvell.thermal (pid 2177)
   184711 kB: Background
               22481 kB: com.mobisystems.editor.office_registered (pid 2549)
               19178 kB: com.notabasement.mangarock.android.titan (pid 2411)
               15031 kB: com.android.vending (pid 2260)
               12904 kB: com.sec.android.gallery3d (pid 2807)
                8539 kB: com.google.android.gms.ui (pid 2456)
                8539 kB: com.android.email (pid 1994)
                7311 kB: com.android.settings (pid 2064)
                6522 kB: com.android.contacts (pid 1611)
                6056 kB: com.bqreaders.reader.fnac (pid 2635)
                5640 kB: com.sec.android.app.clockpackage (pid 2083)
                5437 kB: com.apusapps.browser (pid 2377)
                5404 kB: com.keramidas.TitaniumBackup (pid 2618)
                5012 kB: com.sec.android.daemonapp (pid 2192)
                4698 kB: com.sec.android.app.videoplayer (pid 3084)
                4674 kB: com.android.providers.calendar (pid 1977)
                4351 kB: com.urbandroid.lux (pid 2340)
                4181 kB: com.google.android.apps.uploader (pid 3069)
                4054 kB: com.sec.android.app.music:service (pid 2886)
                3999 kB: com.wssnps (pid 2235)
                3975 kB: com.google.android.gsf.login (pid 2279)
                3820 kB: org.adaway (pid 2317)
                3684 kB: com.sec.android.app.samsungapps.una2 (pid 1951)
                3597 kB: com.sec.android.widgetapp.SPlannerAppWidget (pid 2850)
                3393 kB: com.sec.android.cloudagent (pid 3049)
                3327 kB: com.sec.android.sCloudSync (pid 2217)
                3104 kB: com.samsung.shareshot (pid 2788)
                3100 kB: com.sec.android.SimpleWidget (pid 2830)
                2700 kB: com.sec.android.Kies (pid 3144)

Total PSS by category:
   215774 kB: Dalvik
   126444 kB: Unknown
    51819 kB: .dex mmap
    47621 kB: .so mmap
    46134 kB: Other mmap
    23602 kB: .apk mmap
     1699 kB: Native
      767 kB: .ttf mmap
      336 kB: Other dev
       50 kB: .jar mmap
       18 kB: Ashmem
        8 kB: Cursor

Total PSS: 514272 kB
      KSM: 0 kB saved from shared 0 kB
           0 kB unshared; 0 kB volatile
