Unknown argument: -c; use -h for help
Applications Memory Usage (kB):
Uptime: 213808 Realtime: 293306

Total PSS by process:
    51458 kB: system (pid 498)
    30959 kB: com.google.android.gms (pid 847)
    27306 kB: com.teslacoilsw.launcher (pid 797)
    23699 kB: com.google.android.gms.persistent (pid 894)
    22190 kB: com.mobisystems.editor.office_registered (pid 2531)
    21371 kB: com.android.systemui (pid 694)
    21340 kB: com.microsoft.skydrive (pid 1436)
    18928 kB: com.notabasement.mangarock.android.titan (pid 2387)
    17820 kB: com.android.settings (pid 1403)
    16269 kB: com.google.process.gapps (pid 911)
    14902 kB: com.android.vending (pid 2245)
    13260 kB: com.google.android.inputmethod.latin (pid 1156)
    12772 kB: com.sec.android.gallery3d (pid 2725)
     9396 kB: com.android.phone (pid 785)
     9300 kB: android.process.acore (pid 942)
     8415 kB: com.google.android.gms.ui (pid 2439)
     8393 kB: com.apusapps.browser:core (pid 1561)
     8387 kB: com.android.email (pid 1996)
     8358 kB: android.process.media (pid 766)
     8305 kB: com.android.bluetooth (pid 1193)
     6292 kB: com.android.contacts (pid 1595)
     5990 kB: com.google.process.location (pid 853)
     5920 kB: com.bqreaders.reader.fnac (pid 2616)
     5451 kB: com.sec.android.app.clockpackage (pid 2069)
     5422 kB: com.apusapps.browser:download (pid 1632)
     5280 kB: com.sec.factory (pid 1827)
     5265 kB: com.keramidas.TitaniumBackup (pid 2600)
     5260 kB: com.apusapps.browser (pid 2353)
     5181 kB: com.android.MtpApplication (pid 1908)
     4968 kB: com.wssyncmldm (pid 2122)
     4892 kB: com.urbandroid.lux:background (pid 2339)
     4832 kB: com.sec.ims.android (pid 1248)
     4774 kB: com.sec.android.daemonapp (pid 2177)
     4706 kB: com.sec.android.app.samsungapps.una2 (pid 1954)
     4612 kB: com.sec.android.app.videoplayer (pid 3101)
     4443 kB: eu.chainfire.supersu (pid 2943)
     4441 kB: com.android.providers.calendar (pid 1980)
     4212 kB: com.urbandroid.lux (pid 2319)
     4042 kB: com.google.android.apps.uploader (pid 3085)
     3997 kB: com.samsung.android.providers.context (pid 1236)
     3883 kB: com.sec.android.app.music:service (pid 2752)
     3746 kB: com.google.android.gsf.login (pid 2265)
     3646 kB: com.sec.android.provider.logsprovider (pid 926)
     3507 kB: com.sec.android.app.sns3 (pid 2974)
     3477 kB: com.sec.esdk.elm (pid 1769)
     3454 kB: com.sec.android.widgetapp.SPlannerAppWidget (pid 2699)
     3424 kB: com.sec.android.app.keyguard (pid 2656)
     3236 kB: com.wssnps (pid 3148)
     3223 kB: com.sec.android.cloudagent (pid 3064)
     3179 kB: com.sec.smartcard.pinservice (pid 2096)
     3054 kB: com.marvell.ppdgadget (pid 1206)
     3050 kB: com.rxnetworks.rxnservicesxybrid (pid 2192)
     3000 kB: com.sec.minimode.taskcloser (pid 2958)
     2946 kB: com.android.location.fused (pid 871)
     2923 kB: com.sec.phone (pid 1618)
     2910 kB: com.sec.android.pagebuddynotisvc (pid 1225)
     2883 kB: com.samsung.shareshot (pid 2680)
     2731 kB: org.simalliance.openmobileapi.service:remote (pid 2109)
     2702 kB: com.sec.android.SimpleWidget (pid 3327)
     2613 kB: com.sec.android.Kies (pid 3177)
     2569 kB: com.marvell.thermal (pid 2162)

Total PSS by OOM adjustment:
    51458 kB: System
               51458 kB: system (pid 498)
    58506 kB: Persistent
               21371 kB: com.android.systemui (pid 694)
                9396 kB: com.android.phone (pid 785)
                9300 kB: android.process.acore (pid 942)
                4832 kB: com.sec.ims.android (pid 1248)
                3997 kB: com.samsung.android.providers.context (pid 1236)
                3646 kB: com.sec.android.provider.logsprovider (pid 926)
                3054 kB: com.marvell.ppdgadget (pid 1206)
                2910 kB: com.sec.android.pagebuddynotisvc (pid 1225)
    27306 kB: Foreground
               27306 kB: com.teslacoilsw.launcher (pid 797)
    62963 kB: Visible
               30959 kB: com.google.android.gms (pid 847)
               23699 kB: com.google.android.gms.persistent (pid 894)
                8305 kB: com.android.bluetooth (pid 1193)
    60355 kB: Perceptible
               16269 kB: com.google.process.gapps (pid 911)
               13260 kB: com.google.android.inputmethod.latin (pid 1156)
                8393 kB: com.apusapps.browser:core (pid 1561)
                5990 kB: com.google.process.location (pid 853)
                5181 kB: com.android.MtpApplication (pid 1908)
                4892 kB: com.urbandroid.lux:background (pid 2339)
                3424 kB: com.sec.android.app.keyguard (pid 2656)
                2946 kB: com.android.location.fused (pid 871)
    39946 kB: A Services
               21340 kB: com.microsoft.skydrive (pid 1436)
                8358 kB: android.process.media (pid 766)
                5280 kB: com.sec.factory (pid 1827)
                4968 kB: com.wssyncmldm (pid 2122)
    23351 kB: B Services
                5422 kB: com.apusapps.browser:download (pid 1632)
                3477 kB: com.sec.esdk.elm (pid 1769)
                3179 kB: com.sec.smartcard.pinservice (pid 2096)
                3050 kB: com.rxnetworks.rxnservicesxybrid (pid 2192)
                2923 kB: com.sec.phone (pid 1618)
                2731 kB: org.simalliance.openmobileapi.service:remote (pid 2109)
                2569 kB: com.marvell.thermal (pid 2162)
   195079 kB: Background
               22190 kB: com.mobisystems.editor.office_registered (pid 2531)
               18928 kB: com.notabasement.mangarock.android.titan (pid 2387)
               17820 kB: com.android.settings (pid 1403)
               14902 kB: com.android.vending (pid 2245)
               12772 kB: com.sec.android.gallery3d (pid 2725)
                8415 kB: com.google.android.gms.ui (pid 2439)
                8387 kB: com.android.email (pid 1996)
                6292 kB: com.android.contacts (pid 1595)
                5920 kB: com.bqreaders.reader.fnac (pid 2616)
                5451 kB: com.sec.android.app.clockpackage (pid 2069)
                5265 kB: com.keramidas.TitaniumBackup (pid 2600)
                5260 kB: com.apusapps.browser (pid 2353)
                4774 kB: com.sec.android.daemonapp (pid 2177)
                4706 kB: com.sec.android.app.samsungapps.una2 (pid 1954)
                4612 kB: com.sec.android.app.videoplayer (pid 3101)
                4443 kB: eu.chainfire.supersu (pid 2943)
                4441 kB: com.android.providers.calendar (pid 1980)
                4212 kB: com.urbandroid.lux (pid 2319)
                4042 kB: com.google.android.apps.uploader (pid 3085)
                3883 kB: com.sec.android.app.music:service (pid 2752)
                3746 kB: com.google.android.gsf.login (pid 2265)
                3507 kB: com.sec.android.app.sns3 (pid 2974)
                3454 kB: com.sec.android.widgetapp.SPlannerAppWidget (pid 2699)
                3236 kB: com.wssnps (pid 3148)
                3223 kB: com.sec.android.cloudagent (pid 3064)
                3000 kB: com.sec.minimode.taskcloser (pid 2958)
                2883 kB: com.samsung.shareshot (pid 2680)
                2702 kB: com.sec.android.SimpleWidget (pid 3327)
                2613 kB: com.sec.android.Kies (pid 3177)

Total PSS by category:
   219539 kB: Dalvik
   107018 kB: Unknown
    64079 kB: .so mmap
    55298 kB: .dex mmap
    47747 kB: Other mmap
    24049 kB: .apk mmap
      838 kB: .ttf mmap
      340 kB: Other dev
       32 kB: .jar mmap
       16 kB: Ashmem
        8 kB: Cursor
        0 kB: Native

Total PSS: 518964 kB
      KSM: 0 kB saved from shared 0 kB
           0 kB unshared; 0 kB volatile
